해제 2840 / 83354 해제까지 걸린 날 중앙 31.0 95분위 104 데이터 끝 2026-09-30
202508 4614 7.30% 익음
202509 9082 4.59% 익음
202510 8950 4.67% 익음
202511 3526 3.86% 익음
202512 4936 3.28% 익음
202601 5550 3.19% 익음
202602 5983 3.13% 익음
202603 5717 3.52% 익음
202604 8901 2.77% 익음
202605 9167 2.33% 익음
202606 5384 2.21% 
202607 5905 1.95% 
202608 3622 2.21% 
202609 2017 1.49% 

익은 달 ['202508', '202509', '202510', '202511', '202512', '202601', '202602', '202603', '202604', '202605'] 계약 66426
6억 이하: n=13708 해제율 2.87% (90% 2.63%~3.09%)
6~9억: n=16736 해제율 3.84% (90% 3.60%~4.09%)
9~15억: n=20746 해제율 3.86% (90% 3.62%~4.09%)
15~25억: n=10819 해제율 4.27% (90% 3.95%~4.59%)
25억 초과: n=4417 해제율 4.48% (90% 3.96%~4.96%)

가장 싼 대와 가장 비싼 대의 구간이 겹치나: False

## 같은 달 안에서만 견주면 (그 달 전체 대비 %p, 계약 수 가중)
6억 이하: -0.84%p
6~9억: +0.09%p
9~15억: +0.02%p
15~25억: +0.50%p
25억 초과: +0.96%p

## 가격대 구성이 달마다 다른가 (6억 이하 비중)
202508 25.2%
202509 15.4%
202510 14.4%
202511 19.7%
202512 24.7%
202601 20.1%
202602 22.2%
202603 25.6%
202604 22.2%
202605 22.4%

## 층화 차이(25억 초과 - 6억 이하)의 90% 구간
점 추정 +1.80%p, 90% +1.26%p ~ +2.39%p
