전체 83354 해제 2840 해제 제외 80514 중개만 76437
계약일 범위 2025-08-01 2026-09-30

## A. 월별 거래량(해제 제외, 직거래 포함 / 중개만)
202508 4277 3965 
202509 8665 8346 
202510 8532 8178 
202511 3390 3277 
202512 4774 4459 
202601 5373 5263 
202602 5796 5626 
202603 5516 5304 
202604 8654 8332 
202605 8953 8300 
202606 5265 5087 
202607 5790 5300 
202608 3542 3371 
202609 1987 1629 (신고 기한 미마감)

2025-10 일별 주 단위 (토허제 2025-10-20 발효 가정 — 웹 확인 필요)
2025-09-29 2450
2025-10-06 1304
2025-10-13 4709
2025-10-20 418
2025-10-27 681
2025-11-03 643
2025-11-10 605
2025-11-17 982
2025-11-24 1007

## B. "이 값이 이 단지 이 평형에서 정상인가" — 같은 칸(구|단지|전용면적) 선행 거래 수
선행 3개월: 대상 8671건, 0건 24.0%, 3건↑ 47.8%, 5건↑ 32.3%, 10건↑ 13.5%
선행 6개월: 대상 8671건, 0건 15.1%, 3건↑ 65.4%, 5건↑ 51.4%, 10건↑ 30.5%
선행 12개월: 대상 8671건, 0건 9.9%, 3건↑ 76.5%, 5건↑ 66.7%, 10건↑ 47.7%
단지 단위 선행 12개월: 3건↑ 92.2%, 0건 2.9%
단지 수 5795 15개월 1건뿐인 단지 1441 10건↑ 1933
칸 수 15090 1건뿐 5745 3건↑ 6908

자치구별 선행12개월 같은 칸 3건↑ 비율
11650 181 36%
11170 106 48%
11110 61 56%
11215 115 58%
11680 236 59%
11140 103 64%
11440 241 64%
11740 411 65%
11470 337 68%
11380 479 69%
11500 604 74%
11560 385 76%
11710 465 76%
11230 347 77%
11530 557 78%
11305 198 79%
11260 343 80%
11620 303 80%
11410 351 81%
11590 290 82%
11320 476 82%
11545 225 82%
11200 150 85%
11290 490 89%
11350 1217 90%

## C. 같은 칸 안에서 값이 얼마나 흩어지나 (선행 12개월 5건↑)
대상 수 5783 대상가/선행12개월 중앙값-1 중앙 +9.8% 10~90% +0.2% ~ +22.4%
선행 IQR/중앙값 중앙 10.1%
선행3개월 3건↑ 대상 4149 중앙 +3.7% 10~90% -2.8% ~ +11.4%
3층↑끼리만 4897 중앙 +9.7% 10~90% +1.0% ~ +22.2%

## D. 신고가(같은 칸 그 전 최고가 초과) 비율, 월별 — 선행 3건↑만
202601 35 40.0%
202602 1349 40.7%
202603 2688 31.4%
202604 5361 23.0%
202605 5596 24.1%
202606 3629 35.2%
202607 3904 38.0%
202608 2467 39.6%
202609 1180 37.4%
신고가 뒤 다음 거래 있음 6026 다음 거래가 신고가 이상 40.2% 중앙 -1.4%
모든 거래 뒤 다음 거래 변화 중앙 +1.2% 이상 비율 61.7% 61189

## E. 가격 경계 근처 몰림 (해제 제외, 직거래 포함)
6억 경계: 직전 2천만원 1650 / 직후 2천만원 1511  | 정확히 6억 877
    대조 (경계-6천~-4천) 1261 (경계+4천~+6천) 1511
9억 경계: 직전 2천만원 1274 / 직후 2천만원 1283  | 정확히 9억 686
    대조 (경계-6천~-4천) 1581 (경계+4천~+6천) 1341
12억 경계: 직전 2천만원 869 / 직후 2천만원 931  | 정확히 12억 678
    대조 (경계-6천~-4천) 944 (경계+4천~+6천) 975
15억 경계: 직전 2천만원 701 / 직후 2천만원 784  | 정확히 15억 608
    대조 (경계-6천~-4천) 624 (경계+4천~+6천) 622
25억 경계: 직전 2천만원 132 / 직후 2천만원 205  | 정확히 25억 188
    대조 (경계-6천~-4천) 115 (경계+4천~+6천) 92
  15억 대책 전(~2025-10-15): 직전2천 153 / 정확히 163 / 직후2천(초과) 90
  15억 대책 후(2025-10-16~): 직전2천 548 / 정확히 445 / 직후2천(초과) 226
  25억 대책 전(~2025-10-15): 직전2천 21 / 정확히 38 / 직후2천(초과) 11
  25억 대책 후(2025-10-16~): 직전2천 111 / 정확히 150 / 직후2천(초과) 28
취득세 구간 비중: 6억 이하 21.7% 6억 초과~9억 이하 25.3% 9억 초과 53.0%
85㎡ 초과(농특세) 14.3%
12억 초과(1주택 양도 비과세 한도 초과 가격대) 35.1%
15억 초과 22.5% 25억 초과 6.5%

## F. 자치구 × 월 중개거래 수 (마감된 달만)
구별 (최소 월, 중앙 월): [(11110, 22, 44), (11140, 30, 73), (11215, 33, 71), (11170, 39, 80), (11545, 49, 101), (11200, 54, 125), (11305, 69, 113), (11590, 77, 185)] ... [(11500, 172, 354), (11290, 173, 333), (11350, 230, 608)]
구-월 칸 중 30건 미만 3 / 325

## G. 같은 칸·같은 층 반복 거래 쌍 (15개월)
쌍 21103 90일↑ 8878 180일↑ 3717 365일↑ 50

## H. 해제율 (전체 신고 중 해제, 중개거래만) 가격대별
~6억 14789 2.73%
6~9억 19919 3.44%
9~15억 24635 3.52%
15~25억 12890 3.89%
25억~ 5242 3.97%
월별 해제율 {202508: '7.7%', 202509: '4.6%', 202510: '4.6%', 202511: '4.0%', 202512: '3.4%', 202601: '3.1%', 202602: '3.1%', 202603: '3.4%', 202604: '2.6%', 202605: '2.4%', 202606: '2.1%', 202607: '2.0%', 202608: '2.1%'}

## I. 거래 주체
매도자 [('개인', 78064), ('법인', 2365), ('기타', 76), ('공공기관', 9)]
매수자 [('개인', 78639), ('공공기관', 1523), ('법인', 299), ('기타', 53)]
공공기관 매수 월별 [(202508, 154), (202509, 139), (202510, 50), (202512, 202), (202602, 62), (202603, 27), (202604, 1), (202605, 153), (202606, 24), (202607, 383), (202608, 51), (202609, 277)]
공공기관 매수 직거래 비율 100%
법인 매도 직거래 비율 84% 법인 매도 상위 단지 [('세이지움태릉입구역', 278), ('에드가개봉', 218), ('송파해링턴타워', 170), ('더트루엘마곡HQ', 105), ('와이센트럴시티상봉', 103)]

## J. 준공 연식 (계약 연도 기준 나이)
5년 이하 6.8% 30년 이상 28.2% 중앙 24
