## 정책대출 가격선 (2026-03~08 중개, n=35694)
≤5억: 4376 (12.3%), 그중 전용59㎡↑ 1144 (3.2%)
   59㎡↑ 상위 구 [(11320, 258), (11350, 170), (11530, 133), (11545, 119), (11380, 96), (11470, 69)] 0~9건인 구 수 12
≤6억: 7502 (21.0%), 그중 전용59㎡↑ 3070 (8.6%)
   59㎡↑ 상위 구 [(11350, 548), (11320, 534), (11530, 386), (11545, 251), (11380, 219), (11260, 218)] 0~9건인 구 수 8
≤9억: 16854 (47.2%), 그중 전용59㎡↑ 10701 (30.0%)
   59㎡↑ 상위 구 [(11350, 1699), (11530, 1237), (11320, 933), (11260, 891), (11290, 811), (11380, 765)] 0~9건인 구 수 0

## 유사매매사례: 대상(2026-06 계약) 하나마다 같은 단지·전용 ±5%·전 6개월 거래 수
대상 5087 0건 9.8% 1건↑ 90.2% 3건↑ 73.9%

## 2026-05-09(양도세 중과 유예 종료) 전후 주간 거래(해제 제외)
2026-03-30 1735
2026-04-06 1835
2026-04-13 2018
2026-04-20 2166
2026-04-27 2003
2026-05-04 2403
2026-05-11 1848
2026-05-18 2231
2026-05-25 1832
2026-06-01 1349
2026-06-08 1179
2026-06-15 1201
2026-06-22 1223

## 매도자 법인·직거래 제외 효과: 법인 매도 중 중개거래 381
