## 1. 시점 보정 (대상: 2026-06·07 계약, 선행 12개월 같은 칸 5건↑, 권역 지수로 대상 달 값으로 환산)
대상 10387 5건↑ 6829 65.7%
보정 없음: 중앙 +8.8%, 10~90% +0.0% ~ +20.9%, |편차|중앙 9.0%, 대상이 선행 범위(IQR) 위로 벗어난 비율 계산 생략
권역 지수 보정: 중앙 +1.8%, 10~90% -6.1% ~ +11.4%, |편차|중앙 4.5%, 대상이 선행 범위(IQR) 위로 벗어난 비율 계산 생략
서울 지수 보정: 중앙 +2.1%, 10~90% -5.7% ~ +11.9%, |편차|중앙 4.7%, 대상이 선행 범위(IQR) 위로 벗어난 비율 계산 생략
선행 IQR/중앙값: 보정 전 9.9% 보정 후 7.5%
대상이 보정된 선행 최저~최고 안에 든 비율 81.3%

## 2. 가격 경계 몰림: 경계 직전 2천만원(경계 포함) ÷ 직후 2천만원, 10·15 대책 전후, 대조 경계 포함
  5억  전  245/ 231 = 1.06   후  929/ 787 = 1.18
  6억  전  373/ 212 = 1.76   후 1814/ 766 = 2.37
  7억  전  314/ 275 = 1.14   후 1383/ 977 = 1.42
  8억  전  339/ 267 = 1.27   후 1173/ 863 = 1.36
  9억  전  380/ 244 = 1.56   후 1196/ 685 = 1.75
 10억  전  282/ 166 = 1.70   후  944/ 480 = 1.97
 11억  전  324/ 149 = 2.17   후  909/ 365 = 2.49
 12억  전  319/ 135 = 2.36   후  920/ 319 = 2.88
 13억  전  294/ 123 = 2.39   후  720/ 333 = 2.16
 14억  전  295/ 128 = 2.30   후  598/ 291 = 2.05
 15억  전  282/  90 = 3.13   후  829/ 226 = 3.67
 16억  전  219/  63 = 3.48   후  469/ 219 = 2.14
 17억  전  178/  54 = 3.30   후  463/ 190 = 2.44
 18억  전  148/  47 = 3.15   후  383/ 138 = 2.78
 20억  전  108/  17 = 6.35   후  299/  80 = 3.74
 22억  전   66/  17 = 3.88   후  222/  56 = 3.96
 24억  전   38/   5 = 7.60   후  140/  35 = 4.00
 25억  전   47/  11 = 4.27   후  223/  28 = 7.96
 26억  전   29/   4 = 7.25   후  115/  30 = 3.83
 28억  전   30/   6 = 5.00   후  144/  35 = 4.11
 30억  전   23/   1 = 23.00   후  148/  28 = 5.29

## 3. 갈아타기: 자치구 1년 변화 — 같은 칸이 기준기(2025-08~10)와 최근기(2026-06~08)에 다 있는 것
11650 83 +2.6% 90% +0.7%~+4.5%
11680 133 +2.8% 90% +1.0%~+5.4%
11545 66 +7.0% 90% +4.4%~+8.6%
11170 48 +8.3% 90% +5.4%~+10.9%
11320 137 +9.2% 90% +7.3%~+10.2%
11260 141 +10.9% 90% +9.1%~+12.3%
11380 179 +11.2% 90% +9.7%~+13.2%
11440 154 +12.1% 90% +10.5%~+14.0%
11110 30 +13.1% 90% +8.5%~+22.1%
11350 375 +13.1% 90% +11.7%~+14.8%
11470 158 +14.0% 90% +12.0%~+15.2%
11530 210 +14.5% 90% +13.1%~+16.6%
11620 116 +15.0% 90% +11.7%~+18.1%
11710 218 +15.7% 90% +13.5%~+18.4%
11305 68 +15.8% 90% +13.1%~+18.6%
11740 204 +16.4% 90% +14.9%~+18.4%
11410 166 +16.7% 90% +15.0%~+18.9%
11140 47 +16.9% 90% +13.5%~+18.2%
11200 127 +17.6% 90% +16.1%~+19.5%
11215 72 +17.6% 90% +14.0%~+22.5%
11500 235 +17.9% 90% +16.3%~+19.0%
11560 214 +18.1% 90% +15.5%~+19.7%
11590 162 +19.8% 90% +18.6%~+21.8%
11230 195 +20.6% 90% +19.3%~+22.1%
11290 233 +21.0% 90% +20.0%~+22.1%
서울 3771 +14.7% 공식 서울 지수 2025-09→2026-07 +12.8%
구 쌍 300 90% 구간이 안 겹치는 쌍 165
