11320 362 보정전 +5.0% 권역보정 -1.4% 6개월·보정 -0.7% (n=378)
11680 151 보정전 +2.9% 권역보정 -1.4% 6개월·보정 -1.3% (n=156)
11650 53 보정전 +3.5% 권역보정 -1.3% 6개월·보정 -0.7% (n=65)
11170 46 보정전 +3.9% 권역보정 -1.0% 6개월·보정 -0.2% (n=48)
11545 160 보정전 +6.6% 권역보정 -0.3% 6개월·보정 +0.1% (n=161)
11710 389 보정전 +4.8% 권역보정 +0.1% 6개월·보정 -0.3% (n=368)
11215 69 보정전 +8.7% 권역보정 +0.2% 6개월·보정 -1.4% (n=54)
11470 237 보정전 +8.6% 권역보정 +0.3% 6개월·보정 -0.8% (n=230)
11200 158 보정전 +8.3% 권역보정 +0.5% 6개월·보정 -2.0% (n=132)
11350 1126 보정전 +8.1% 권역보정 +1.0% 6개월·보정 +0.5% (n=1164)
11260 260 보정전 +9.0% 권역보정 +1.1% 6개월·보정 +0.8% (n=280)
11380 311 보정전 +8.1% 권역보정 +1.4% 6개월·보정 +0.7% (n=313)
11530 431 보정전 +8.9% 권역보정 +2.0% 6개월·보정 +1.2% (n=454)
11440 146 보정전 +9.2% 권역보정 +2.0% 6개월·보정 -0.6% (n=124)
11110 33 보정전 +8.0% 권역보정 +2.1% 6개월·보정 +1.5% (n=35)
11560 316 보정전 +9.5% 권역보정 +2.2% 6개월·보정 +0.4% (n=312)
11620 234 보정전 +10.0% 권역보정 +2.3% 6개월·보정 +0.4% (n=241)
11590 219 보정전 +10.1% 권역보정 +2.5% 6개월·보정 -0.5% (n=219)
11140 74 보정전 +7.0% 권역보정 +2.9% 6개월·보정 +0.5% (n=72)
11305 171 보정전 +10.9% 권역보정 +3.0% 6개월·보정 +1.5% (n=173)
11740 302 보정전 +8.7% 권역보정 +3.2% 6개월·보정 +0.5% (n=288)
11230 294 보정전 +13.3% 권역보정 +3.6% 6개월·보정 +0.2% (n=288)
11410 321 보정전 +11.3% 권역보정 +3.7% 6개월·보정 +0.9% (n=321)
11500 457 보정전 +12.6% 권역보정 +4.5% 6개월·보정 +1.5% (n=462)
11290 509 보정전 +13.0% 권역보정 +4.6% 6개월·보정 +1.8% (n=509)
6개월 창·권역보정 전체 6847 +0.4%
