데이터 끝 2026-09-30 중개거래 76437

선행건수 | 비교기간 | H(다음 거래를 기다린 날) | 신고가 n | 다음 거래 없음 | 다음 ≥ 신고가 | 대조(전체) | 대조(최고가 -2~0%) | 그 전 최고가는 넘음 | 결론 유지
2 | 90 | 90 | 8635 | 17.6% | 43.3% | 60.0% | 53.9% | 64.9% | 유지
2 | 90 | 180 | 5436 | 5.4% | 46.0% | 60.0% | 55.8% | 67.7% | 유지
2 | 180 | 90 | 4808 | 18.4% | 40.1% | 59.1% | 51.7% | 62.2% | 유지
2 | 180 | 180 | 1567 | 4.3% | 39.0% | 56.0% | 50.7% | 61.8% | 유지
2 | 365 | 90 | 0 | 표본 부족
2 | 365 | 180 | 0 | 표본 부족
3 | 90 | 90 | 7766 | 14.6% | 42.2% | 59.8% | 53.2% | 63.8% | 유지
3 | 90 | 180 | 4762 | 3.4% | 45.1% | 59.8% | 55.0% | 66.7% | 유지
3 | 180 | 90 | 4522 | 15.9% | 39.3% | 59.0% | 51.1% | 61.0% | 유지
3 | 180 | 180 | 1487 | 3.3% | 38.8% | 56.0% | 50.1% | 61.1% | 유지
3 | 365 | 90 | 0 | 표본 부족
3 | 365 | 180 | 0 | 표본 부족
5 | 90 | 90 | 6141 | 9.5% | 40.4% | 59.5% | 52.0% | 61.4% | 유지
5 | 90 | 180 | 3537 | 1.6% | 43.2% | 59.7% | 54.2% | 64.2% | 유지
5 | 180 | 90 | 3870 | 10.8% | 37.7% | 58.6% | 50.1% | 59.0% | 유지
5 | 180 | 180 | 1268 | 1.5% | 37.5% | 55.8% | 50.0% | 59.4% | 유지
5 | 365 | 90 | 0 | 표본 부족
5 | 365 | 180 | 0 | 표본 부족

전 조합에서 결론 유지: True
